{"name": "lean", "command": "<local-toolchain-path> build", "cwd": "<verification-scratch>", "started_utc": "2026-09-07T02:46:13.309595+00:00"}
✔ [2/8] Built DBLogContract.ContractBase (1.5s)
✔ [3/8] Built DBLogContract.CutTheorem (336ms)
✔ [4/8] Built DBLogContract.MergeDisciplines (538ms)
✔ [5/8] Built DBLogContract.ContractWitnesses (330ms)
ℹ [6/8] Built DBLogContract.AxiomAudit (176ms)
info: DBLogContract/AxiomAudit.lean:19:0: 'DBLogContract.evs_for_nil' depends on axioms: [propext, Classical.choice, Quot.sound]
info: DBLogContract/AxiomAudit.lean:20:0: 'DBLogContract.evs_for_cons' depends on axioms: [propext, Classical.choice, Quot.sound]
info: DBLogContract/AxiomAudit.lean:21:0: 'DBLogContract.evs_for_append' depends on axioms: [propext, Classical.choice, Quot.sound]
info: DBLogContract/AxiomAudit.lean:22:0: 'DBLogContract.state_after_nil' depends on axioms: [propext, Classical.choice, Quot.sound]
info: DBLogContract/AxiomAudit.lean:23:0: 'DBLogContract.state_after_cons' depends on axioms: [propext, Classical.choice, Quot.sound]
info: DBLogContract/AxiomAudit.lean:24:0: 'DBLogContract.state_after_append' depends on axioms: [propext, Classical.choice, Quot.sound]
info: DBLogContract/AxiomAudit.lean:25:0: 'DBLogContract.state_after_snoc' depends on axioms: [propext, Classical.choice, Quot.sound]
info: DBLogContract/AxiomAudit.lean:26:0: 'DBLogContract.state_after_key' depends on axioms: [propext, Classical.choice, Quot.sound]
info: DBLogContract/AxiomAudit.lean:27:0: 'DBLogContract.state_after_no_events' depends on axioms: [propext, Classical.choice, Quot.sound]
info: DBLogContract/AxiomAudit.lean:28:0: 'DBLogContract.state_after_last_event' depends on axioms: [propext, Classical.choice, Quot.sound]
info: DBLogContract/AxiomAudit.lean:29:0: 'DBLogContract.state_after_append_no_k' depends on axioms: [propext, Classical.choice, Quot.sound]
info: DBLogContract/AxiomAudit.lean:30:0: 'DBLogContract.take_prefix_take' depends on axioms: [propext]
info: DBLogContract/AxiomAudit.lean:33:0: 'DBLogContract.CoordinateSpace.cle_refl' does not depend on any axioms
info: DBLogContract/AxiomAudit.lean:34:0: 'DBLogContract.CoordinateSpace.cle_trans' does not depend on any axioms
info: DBLogContract/AxiomAudit.lean:35:0: 'DBLogContract.CoordinateSpace.pfx_length' depends on axioms: [propext]
info: DBLogContract/AxiomAudit.lean:36:0: 'DBLogContract.CoordinateSpace.cle_iff_prefix' depends on axioms: [propext]
info: DBLogContract/AxiomAudit.lean:37:0: 'DBLogContract.CoordinateSpace.den_nested' depends on axioms: [propext]
info: DBLogContract/AxiomAudit.lean:38:0: 'DBLogContract.CoordinateSpace.pfx_split' depends on axioms: [propext]
info: DBLogContract/AxiomAudit.lean:39:0: 'DBLogContract.CoordinateSpace.win_length' depends on axioms: [propext]
info: DBLogContract/AxiomAudit.lean:40:0: 'DBLogContract.CoordinateSpace.win_empty_iff' depends on axioms: [propext, Classical.choice, Quot.sound]
info: DBLogContract/AxiomAudit.lean:41:0: 'DBLogContract.CoordinateSpace.win_split' depends on axioms: [propext]
info: DBLogContract/AxiomAudit.lean:42:0: 'DBLogContract.CoordinateSpace.win_nth' depends on axioms: [propext, Quot.sound]
info: DBLogContract/AxiomAudit.lean:43:0: 'DBLogContract.CoordinateSpace.oracle_set_reading' depends on axioms: [propext, Quot.sound]
info: DBLogContract/AxiomAudit.lean:44:0: 'DBLogContract.CoordinateSpace.evs_for_pfx_split' depends on axioms: [propext, Classical.choice, Quot.sound]
info: DBLogContract/AxiomAudit.lean:45:0: 'DBLogContract.CoordinateSpace.evs_for_win_split' depends on axioms: [propext, Classical.choice, Quot.sound]
info: DBLogContract/AxiomAudit.lean:46:0: 'DBLogContract.CoordinateSpace.win_invariant_state' depends on axioms: [propext, Classical.choice, Quot.sound]
info: DBLogContract/AxiomAudit.lean:47:0: 'DBLogContract.CoordinateSpace.win_invariant_state2' depends on axioms: [propext, Classical.choice, Quot.sound]
info: DBLogContract/AxiomAudit.lean:50:0: 'DBLogContract.getLast_eq_of_eq' does not depend on any axioms
info: DBLogContract/AxiomAudit.lean:51:0: 'DBLogContract.sink_at_case_events' depends on axioms: [propext, Classical.choice, Quot.sound]
info: DBLogContract/AxiomAudit.lean:52:0: 'DBLogContract.CaptureContract.dom_sub_scope' depends on axioms: [propext, Classical.choice, Quot.sound]
info: DBLogContract/AxiomAudit.lean:53:0: 'DBLogContract.CaptureContract.covering_unit_unique' depends on axioms: [propext, Classical.choice, Quot.sound]
info: DBLogContract/AxiomAudit.lean:54:0: 'DBLogContract.CaptureContract.the_unit_props' depends on axioms: [propext, Classical.choice, Quot.sound]
info: DBLogContract/AxiomAudit.lean:55:0: 'DBLogContract.CaptureContract.the_unit_eq' depends on axioms: [propext, Classical.choice, Quot.sound]
info: DBLogContract/AxiomAudit.lean:56:0: 'DBLogContract.CaptureContract.the_unit_position_unique' depends on axioms: [propext, Classical.choice, Quot.sound]
info: DBLogContract/AxiomAudit.lean:57:0: 'DBLogContract.CaptureContract.contract_cut_at' depends on axioms: [propext, Classical.choice, Quot.sound]
info: DBLogContract/AxiomAudit.lean:58:0: 'DBLogContract.CaptureContract.contract_cut' depends on axioms: [propext, Classical.choice, Quot.sound]
info: DBLogContract/AxiomAudit.lean:59:0: 'DBLogContract.CaptureContract.contract_cut_scope' depends on axioms: [propext, Classical.choice, Quot.sound]
info: DBLogContract/AxiomAudit.lean:60:0: 'DBLogContract.CaptureContract.shared_witness_trajectory_at' depends on axioms: [propext, Classical.choice, Quot.sound]
info: DBLogContract/AxiomAudit.lean:61:0: 'DBLogContract.CaptureContract.shared_witness_trajectory' depends on axioms: [propext, Classical.choice, Quot.sound]
info: DBLogContract/AxiomAudit.lean:62:0: 'DBLogContract.CaptureContract.continuation' depends on axioms: [propext, Classical.choice, Quot.sound]
info: DBLogContract/AxiomAudit.lean:63:0: 'DBLogContract.mixing_union' depends on axioms: [propext, Classical.choice, Quot.sound]
info: DBLogContract/AxiomAudit.lean:64:0: 'DBLogContract.mixing_shared_witness_lift' depends on axioms: [propext]
info: DBLogContract/AxiomAudit.lean:65:0: 'DBLogContract.mixing_shared_honesty_lift' depends on axioms: [propext, Classical.choice, Quot.sound]
info: DBLogContract/AxiomAudit.lean:68:0: 'DBLogContract.den_w_cases' depends on axioms: [propext, Quot.sound]
info: DBLogContract/AxiomAudit.lean:69:0: 'DBLogContract.wit_torn_contract' depends on axioms: [propext, Classical.choice, Quot.sound]
info: DBLogContract/AxiomAudit.lean:70:0: 'DBLogContract.fix_torn_no_single_witness' depends on axioms: [propext, Classical.choice, Quot.sound]
info: DBLogContract/AxiomAudit.lean:71:0: 'DBLogContract.wit_torn_the_unit' depends on axioms: [propext, Classical.choice, Quot.sound]
info: DBLogContract/AxiomAudit.lean:72:0: 'DBLogContract.wit_torn_cut' depends on axioms: [propext, Classical.choice, Quot.sound]
info: DBLogContract/AxiomAudit.lean:75:0: 'DBLogContract.wit_sync_contract' depends on axioms: [propext, Classical.choice, Quot.sound]
info: DBLogContract/AxiomAudit.lean:76:0: 'DBLogContract.wit_sync_the_unit_2' depends on axioms: [propext, Classical.choice, Quot.sound]
info: DBLogContract/AxiomAudit.lean:77:0: 'DBLogContract.fix_sync_trajectory_breaks' depends on axioms: [propext, Classical.choice, Quot.sound]
info: DBLogContract/AxiomAudit.lean:78:0: 'DBLogContract.fix_sync_no_early_onset' depends on axioms: [propext, Classical.choice, Quot.sound]
info: DBLogContract/AxiomAudit.lean:79:0: 'DBLogContract.sync_memberB_contract' depends on axioms: [propext, Classical.choice, Quot.sound]
info: DBLogContract/AxiomAudit.lean:80:0: 'DBLogContract.wit_sync_memberB_T3' depends on axioms: [propext, Classical.choice, Quot.sound]
info: DBLogContract/AxiomAudit.lean:83:0: 'DBLogContract.wit_shr_contract' depends on axioms: [propext, Classical.choice, Quot.sound]
info: DBLogContract/AxiomAudit.lean:84:0: 'DBLogContract.wit_shared_bracket_T3' depends on axioms: [propext, Classical.choice, Quot.sound]
info: DBLogContract/AxiomAudit.lean:87:0: 'DBLogContract.evs_for_map_snd' depends on axioms: [propext, Classical.choice, Quot.sound]
info: DBLogContract/AxiomAudit.lean:88:0: 'DBLogContract.map_fst_zipIdx' depends on axioms: [propext]
info: DBLogContract/AxiomAudit.lean:89:0: 'DBLogContract.pairwise_zipIdx_lt' depends on axioms: [propext, Quot.sound]
info: DBLogContract/AxiomAudit.lean:90:0: 'DBLogContract.nodup_zipIdx' depends on axioms: [propext, Quot.sound]
info: DBLogContract/AxiomAudit.lean:91:0: 'DBLogContract.flatMap_eq_nil_of_forall' depends on axioms: [propext]
info: DBLogContract/AxiomAudit.lean:92:0: 'DBLogContract.flatMap_single' depends on axioms: [propext]
info: DBLogContract/AxiomAudit.lean:93:0: 'DBLogContract.nodup_filter_eq' depends on axioms: [propext, Classical.choice, Quot.sound]
info: DBLogContract/AxiomAudit.lean:94:0: 'DBLogContract.map_snd_tagged_seg' depends on axioms: [propext, Quot.sound]
info: DBLogContract/AxiomAudit.lean:95:0: 'DBLogContract.tagged_seg_split' depends on axioms: [propext, Quot.sound]
info: DBLogContract/AxiomAudit.lean:96:0: 'DBLogContract.seg_split' depends on axioms: [propext, Quot.sound]
info: DBLogContract/AxiomAudit.lean:97:0: 'DBLogContract.seg_length' depends on axioms: [propext]
info: DBLogContract/AxiomAudit.lean:98:0: 'DBLogContract.flatMap_congr' depends on axioms: [propext]
info: DBLogContract/AxiomAudit.lean:99:0: 'DBLogContract.tagged_seg_self' depends on axioms: [propext, Quot.sound]
info: DBLogContract/AxiomAudit.lean:100:0: 'DBLogContract.titems_append' depends on axioms: [propext, Classical.choice, Quot.sound]
info: DBLogContract/AxiomAudit.lean:101:0: 'DBLogContract.titems_flatMap' depends on axioms: [propext, Classical.choice, Quot.sound]
info: DBLogContract/AxiomAudit.lean:102:0: 'DBLogContract.titems_cons' depends on axioms: [propext, Classical.choice, Quot.sound]
info: DBLogContract/AxiomAudit.lean:103:0: 'DBLogContract.flatMap_titems_single' depends on axioms: [propext, Classical.choice, Quot.sound]
info: DBLogContract/AxiomAudit.lean:104:0: 'DBLogContract.mem_tagged_seg_bounds' depends on axioms: [propext, Classical.choice, Quot.sound]
info: DBLogContract/AxiomAudit.lean:105:0: 'DBLogContract.pairwise_tagged_seg' depends on axioms: [propext, Quot.sound]
info: DBLogContract/AxiomAudit.lean:106:0: 'DBLogContract.CaptureContract.svl_exists' depends on axioms: [propext, Classical.choice, Quot.sound]
info: DBLogContract/AxiomAudit.lean:107:0: 'DBLogContract.CaptureContract.titems_close_block' depends on axioms: [propext, Classical.choice, Quot.sound]
info: DBLogContract/AxiomAudit.lean:108:0: 'DBLogContract.CaptureContract.titems_closes_at' depends on axioms: [propext, Classical.choice, Quot.sound]
info: DBLogContract/AxiomAudit.lean:109:0: 'DBLogContract.CaptureContract.titems_emission_master' depends on axioms: [propext, Classical.choice, Quot.sound]
info: DBLogContract/AxiomAudit.lean:110:0: 'DBLogContract.CaptureContract.evs_emission_master' depends on axioms: [propext, Classical.choice, Quot.sound]
info: DBLogContract/AxiomAudit.lean:111:0: 'DBLogContract.CaptureContract.window_discard_replay' depends on axioms: [propext, Classical.choice, Quot.sound]
info: DBLogContract/AxiomAudit.lean:112:0: 'DBLogContract.CaptureContract.window_discard_monotone' depends on axioms: [propext, Classical.choice, Quot.sound]
info: DBLogContract/AxiomAudit.lean:115:0: 'DBLogContract.wit_surv_contract' depends on axioms: [propext, Classical.choice, Quot.sound]
info: DBLogContract/AxiomAudit.lean:116:0: 'DBLogContract.wit_surv_svl_ok' depends on axioms: [propext, Classical.choice, Quot.sound]
info: DBLogContract/AxiomAudit.lean:117:0: 'DBLogContract.wit_surv_the_unit' depends on axioms: [propext, Classical.choice, Quot.sound]
info: DBLogContract/AxiomAudit.lean:118:0: 'DBLogContract.wit_surv_replay_theorem' depends on axioms: [propext, Classical.choice, Quot.sound]
info: DBLogContract/AxiomAudit.lean:119:0: 'DBLogContract.wit_surv_replay_value' depends on axioms: [propext, Classical.choice, Quot.sound]
✔ [7/8] Built DBLogContract (188ms)
Build completed successfully (8 jobs).

LEAN_EXIT_0
