{"run_id": "S2-C", "cfg": "ReadOnlyBrackets_torn.cfg", "spec": "<source-root>/dblog_framework/tla/ReadOnlyBrackets.tla", "command": "java -cp <local-toolchain-path> tlc2.TLC -workers 1 -cleanup -config ReadOnlyBrackets_torn.cfg <source-root>/dblog_framework/tla/ReadOnlyBrackets.tla", "cwd": "<verification-scratch>", "workers": "1", "started_utc": "2026-09-07T02:49:27.861491+00:00"}
TLC2 Version 2.19 of 08 August 2024 (rev: 5a47802)
Warning: Please run the Java VM which executes TLC with a throughput optimized garbage collector by passing the "-XX:+UseParallelGC" property.
(Use the -nowarning option to disable this warning.)
Running breadth-first search Model-Checking with fp 1 and seed -8947328678484236777 with 1 worker on 12 cores with 24576MB heap and 64MB offheap memory [pid: 43336] (Mac OS X 26.6.2 aarch64, Homebrew 21.0.12.1 x86_64, MSBDiskFPSet, DiskStateQueue).
Parsing file <source-root>/dblog_framework/tla/ReadOnlyBrackets.tla
Parsing file <verification-scratch>
Parsing file <verification-scratch>
Parsing file <verification-scratch>
Parsing file <verification-scratch>
Semantic processing of module Naturals
Semantic processing of module Integers
Semantic processing of module Sequences
Semantic processing of module FiniteSets
Semantic processing of module ReadOnlyBrackets
Starting... (2026-09-07 10:49:28)
Computing initial states...
Finished computing initial states: 1 distinct state generated at 2026-09-07 10:49:28.
Error: Invariant SharedInstantExists is violated.
Error: The behavior up to this point is:
State 1: <Initial predicate>
/\ phase = "idle"
/\ nlo = <<0>>
/\ readDone = {}
/\ loS = <<{}>>
/\ R = <<<<NULL, NULL>>>>
/\ log = <<>>
/\ emission = <<>>
/\ ci = 1
/\ nData = 0
/\ open = <<>>
/\ hiS = <<{}>>
/\ nhi = <<0>>
/\ cpos = 0
/\ nTxn = 0

State 2: <SampleLow line 264, col 3 to line 274, col 27 of module ReadOnlyBrackets>
/\ phase = "select"
/\ nlo = <<0>>
/\ readDone = {}
/\ loS = <<{}>>
/\ R = <<<<NULL, NULL>>>>
/\ log = <<>>
/\ emission = <<>>
/\ ci = 1
/\ nData = 0
/\ open = <<>>
/\ hiS = <<{}>>
/\ nhi = <<0>>
/\ cpos = 0
/\ nTxn = 0

State 3: <CommitTxn line 214, col 3 to line 224, col 33 of module ReadOnlyBrackets>
/\ phase = "select"
/\ nlo = <<0>>
/\ readDone = {}
/\ loS = <<{}>>
/\ R = <<<<NULL, NULL>>>>
/\ log = <<[key |-> 1, img |-> 1, txn |-> 1]>>
/\ emission = <<>>
/\ ci = 1
/\ nData = 1
/\ open = <<>>
/\ hiS = <<{}>>
/\ nhi = <<0>>
/\ cpos = 0
/\ nTxn = 1

State 4: <CommitTxn line 214, col 3 to line 224, col 33 of module ReadOnlyBrackets>
/\ phase = "select"
/\ nlo = <<0>>
/\ readDone = {}
/\ loS = <<{}>>
/\ R = <<<<NULL, NULL>>>>
/\ log = <<[key |-> 1, img |-> 1, txn |-> 1], [key |-> 2, img |-> 1, txn |-> 2]>>
/\ emission = <<>>
/\ ci = 1
/\ nData = 2
/\ open = <<>>
/\ hiS = <<{}>>
/\ nhi = <<0>>
/\ cpos = 0
/\ nTxn = 2

State 5: <ReadKey line 284, col 3 to line 291, col 33 of module ReadOnlyBrackets>
/\ phase = "select"
/\ nlo = <<0>>
/\ readDone = {1}
/\ loS = <<{}>>
/\ R = <<<<NULL, NULL>>>>
/\ log = <<[key |-> 1, img |-> 1, txn |-> 1], [key |-> 2, img |-> 1, txn |-> 2]>>
/\ emission = <<>>
/\ ci = 1
/\ nData = 2
/\ open = <<>>
/\ hiS = <<{}>>
/\ nhi = <<0>>
/\ cpos = 0
/\ nTxn = 2

State 6: <ReadKey line 284, col 3 to line 291, col 33 of module ReadOnlyBrackets>
/\ phase = "select"
/\ nlo = <<0>>
/\ readDone = {1, 2}
/\ loS = <<{}>>
/\ R = <<<<NULL, 1>>>>
/\ log = <<[key |-> 1, img |-> 1, txn |-> 1], [key |-> 2, img |-> 1, txn |-> 2]>>
/\ emission = <<>>
/\ ci = 1
/\ nData = 2
/\ open = <<>>
/\ hiS = <<{}>>
/\ nhi = <<0>>
/\ cpos = 0
/\ nTxn = 2

State 7: <SampleHigh line 295, col 3 to line 301, col 33 of module ReadOnlyBrackets>
/\ phase = "closing"
/\ nlo = <<0>>
/\ readDone = {1, 2}
/\ loS = <<{}>>
/\ R = <<<<NULL, 1>>>>
/\ log = <<[key |-> 1, img |-> 1, txn |-> 1], [key |-> 2, img |-> 1, txn |-> 2]>>
/\ emission = <<>>
/\ ci = 1
/\ nData = 2
/\ open = <<>>
/\ hiS = <<{1, 2}>>
/\ nhi = <<2>>
/\ cpos = 0
/\ nTxn = 2

4257 states generated, 1816 distinct states found, 683 states left on queue.
The depth of the complete state graph search is 7.
The average outdegree of the complete state graph is 2 (minimum is 0, the maximum 10 and the 95th percentile is 4).
Finished in 00s at (2026-09-07 10:49:28)

TLC_EXIT_12
