{"run_id": "S2-D3", "cfg": "ReadOnlyBrackets_alinear_replay_wide.cfg", "spec": "<source-root>/dblog_framework/tla/ReadOnlyBrackets.tla", "command": "java -cp <local-toolchain-path> tlc2.TLC -workers auto -cleanup -config ReadOnlyBrackets_alinear_replay_wide.cfg <source-root>/dblog_framework/tla/ReadOnlyBrackets.tla", "cwd": "<verification-scratch>", "workers": "auto", "started_utc": "2026-09-07T02:49:32.177866+00:00"}
TLC2 Version 2.19 of 08 August 2024 (rev: 5a47802)
Warning: Please run the Java VM which executes TLC with a throughput optimized garbage collector by passing the "-XX:+UseParallelGC" property.
(Use the -nowarning option to disable this warning.)
Running breadth-first search Model-Checking with fp 51 and seed -2669935109471114447 with 12 workers on 12 cores with 24576MB heap and 64MB offheap memory [pid: 43401] (Mac OS X 26.6.2 aarch64, Homebrew 21.0.12.1 x86_64, MSBDiskFPSet, DiskStateQueue).
Parsing file <source-root>/dblog_framework/tla/ReadOnlyBrackets.tla
Parsing file <verification-scratch>
Parsing file <verification-scratch>
Parsing file <verification-scratch>
Parsing file <verification-scratch>
Semantic processing of module Naturals
Semantic processing of module Integers
Semantic processing of module Sequences
Semantic processing of module FiniteSets
Semantic processing of module ReadOnlyBrackets
Starting... (2026-09-07 10:49:32)
Computing initial states...
Finished computing initial states: 1 distinct state generated at 2026-09-07 10:49:32.
Progress(8) at 2026-09-07 10:49:35: 805,570 states generated (805,570 s/min), 506,921 distinct states found (506,921 ds/min), 333,681 states left on queue.
Progress(16) at 2026-09-07 10:50:35: 48,091,939 states generated (47,286,369 s/min), 20,977,471 distinct states found (20,470,550 ds/min), 5,574,004 states left on queue.
Model checking completed. No error has been found.
  Estimates of the probability that TLC did not check all reachable states
  because two distinct states had the same fingerprint:
  calculated (optimistic):  val = 7.5E-5
  based on the actual fingerprints:  val = 3.7E-5
74762174 states generated, 33205754 distinct states found, 0 states left on queue.
The depth of the complete state graph search is 18.
The average outdegree of the complete state graph is 1 (minimum is 0, the maximum 31 and the 95th percentile is 2).
Finished in 01min 55s at (2026-09-07 10:51:28)

TLC_EXIT_0
