{"run_id": "S2-D1", "cfg": "ReadOnlyBrackets_alinear_oracle.cfg", "spec": "<source-root>/dblog_framework/tla/ReadOnlyBrackets.tla", "command": "java -cp <local-toolchain-path> tlc2.TLC -workers 1 -cleanup -config ReadOnlyBrackets_alinear_oracle.cfg <source-root>/dblog_framework/tla/ReadOnlyBrackets.tla", "cwd": "<verification-scratch>", "workers": "1", "started_utc": "2026-09-07T02:49:30.154178+00:00"}
TLC2 Version 2.19 of 08 August 2024 (rev: 5a47802)
Warning: Please run the Java VM which executes TLC with a throughput optimized garbage collector by passing the "-XX:+UseParallelGC" property.
(Use the -nowarning option to disable this warning.)
Running breadth-first search Model-Checking with fp 43 and seed -5740239013848688078 with 1 worker on 12 cores with 24576MB heap and 64MB offheap memory [pid: 43368] (Mac OS X 26.6.2 aarch64, Homebrew 21.0.12.1 x86_64, MSBDiskFPSet, DiskStateQueue).
Parsing file <source-root>/dblog_framework/tla/ReadOnlyBrackets.tla
Parsing file <verification-scratch>
Parsing file <verification-scratch>
Parsing file <verification-scratch>
Parsing file <verification-scratch>
Semantic processing of module Naturals
Semantic processing of module Integers
Semantic processing of module Sequences
Semantic processing of module FiniteSets
Semantic processing of module ReadOnlyBrackets
Starting... (2026-09-07 10:49:30)
Computing initial states...
Finished computing initial states: 1 distinct state generated at 2026-09-07 10:49:30.
Error: Invariant OracleFaithful is violated.
Error: The behavior up to this point is:
State 1: <Initial predicate>
/\ phase = "idle"
/\ nlo = <<0>>
/\ readDone = {}
/\ loS = <<{}>>
/\ R = <<<<NULL>>>>
/\ log = <<>>
/\ emission = <<>>
/\ ci = 1
/\ nData = 0
/\ open = <<>>
/\ hiS = <<{}>>
/\ nhi = <<0>>
/\ cpos = 0
/\ nTxn = 0

State 2: <CommitTxn line 214, col 3 to line 224, col 33 of module ReadOnlyBrackets>
/\ phase = "idle"
/\ nlo = <<0>>
/\ readDone = {}
/\ loS = <<{}>>
/\ R = <<<<NULL>>>>
/\ log = <<[key |-> 1, img |-> NULL, txn |-> 1], [key |-> 1, img |-> NULL, txn |-> 1]>>
/\ emission = <<>>
/\ ci = 1
/\ nData = 2
/\ open = <<>>
/\ hiS = <<{}>>
/\ nhi = <<0>>
/\ cpos = 0
/\ nTxn = 1

State 3: <SampleLow line 264, col 3 to line 274, col 27 of module ReadOnlyBrackets>
/\ phase = "select"
/\ nlo = <<1>>
/\ readDone = {}
/\ loS = <<{1}>>
/\ R = <<<<NULL>>>>
/\ log = <<[key |-> 1, img |-> NULL, txn |-> 1], [key |-> 1, img |-> NULL, txn |-> 1]>>
/\ emission = <<>>
/\ ci = 1
/\ nData = 2
/\ open = <<>>
/\ hiS = <<{}>>
/\ nhi = <<0>>
/\ cpos = 0
/\ nTxn = 1

State 4: <ReadKey line 284, col 3 to line 291, col 33 of module ReadOnlyBrackets>
/\ phase = "select"
/\ nlo = <<1>>
/\ readDone = {1}
/\ loS = <<{1}>>
/\ R = <<<<NULL>>>>
/\ log = <<[key |-> 1, img |-> NULL, txn |-> 1], [key |-> 1, img |-> NULL, txn |-> 1]>>
/\ emission = <<>>
/\ ci = 1
/\ nData = 2
/\ open = <<>>
/\ hiS = <<{}>>
/\ nhi = <<0>>
/\ cpos = 0
/\ nTxn = 1

State 5: <SampleHigh line 295, col 3 to line 301, col 33 of module ReadOnlyBrackets>
/\ phase = "closing"
/\ nlo = <<1>>
/\ readDone = {1}
/\ loS = <<{1}>>
/\ R = <<<<NULL>>>>
/\ log = <<[key |-> 1, img |-> NULL, txn |-> 1], [key |-> 1, img |-> NULL, txn |-> 1]>>
/\ emission = <<>>
/\ ci = 1
/\ nData = 2
/\ open = <<>>
/\ hiS = <<{1}>>
/\ nhi = <<2>>
/\ cpos = 0
/\ nTxn = 1

327 states generated, 247 distinct states found, 143 states left on queue.
The depth of the complete state graph search is 5.
The average outdegree of the complete state graph is 2 (minimum is 0, the maximum 13 and the 95th percentile is 5).
Finished in 00s at (2026-09-07 10:49:30)

TLC_EXIT_12
