{"run_id": "S2-E1", "cfg": "ReadOnlyBrackets_uncommitted_premise.cfg", "spec": "<source-root>/dblog_framework/tla/ReadOnlyBrackets.tla", "command": "java -cp <local-toolchain-path> tlc2.TLC -workers 1 -cleanup -config ReadOnlyBrackets_uncommitted_premise.cfg <source-root>/dblog_framework/tla/ReadOnlyBrackets.tla", "cwd": "<verification-scratch>", "workers": "1", "started_utc": "2026-09-07T02:51:28.660352+00:00"}
TLC2 Version 2.19 of 08 August 2024 (rev: 5a47802)
Warning: Please run the Java VM which executes TLC with a throughput optimized garbage collector by passing the "-XX:+UseParallelGC" property.
(Use the -nowarning option to disable this warning.)
Running breadth-first search Model-Checking with fp 17 and seed -5868165447954302389 with 1 worker on 12 cores with 24576MB heap and 64MB offheap memory [pid: 45285] (Mac OS X 26.6.2 aarch64, Homebrew 21.0.12.1 x86_64, MSBDiskFPSet, DiskStateQueue).
Parsing file <source-root>/dblog_framework/tla/ReadOnlyBrackets.tla
Parsing file <verification-scratch>
Parsing file <verification-scratch>
Parsing file <verification-scratch>
Parsing file <verification-scratch>
Semantic processing of module Naturals
Semantic processing of module Integers
Semantic processing of module Sequences
Semantic processing of module FiniteSets
Semantic processing of module ReadOnlyBrackets
Starting... (2026-09-07 10:51:28)
Computing initial states...
Finished computing initial states: 1 distinct state generated at 2026-09-07 10:51:29.
Error: Invariant CommittedOnly is violated.
Error: The behavior up to this point is:
State 1: <Initial predicate>
/\ phase = "idle"
/\ nlo = <<0>>
/\ readDone = {}
/\ loS = <<{}>>
/\ R = <<<<NULL>>>>
/\ log = <<>>
/\ emission = <<>>
/\ ci = 1
/\ nData = 0
/\ open = <<>>
/\ hiS = <<{}>>
/\ nhi = <<0>>
/\ cpos = 0
/\ nTxn = 0

State 2: <BeginTxnUncommitted line 230, col 3 to line 244, col 27 of module ReadOnlyBrackets>
/\ phase = "idle"
/\ nlo = <<0>>
/\ readDone = {}
/\ loS = <<{}>>
/\ R = <<<<NULL>>>>
/\ log = <<[key |-> 1, img |-> NULL, txn |-> 1]>>
/\ emission = <<>>
/\ ci = 1
/\ nData = 1
/\ open = <<[key |-> 1, img |-> NULL, txn |-> 1]>>
/\ hiS = <<{}>>
/\ nhi = <<0>>
/\ cpos = 0
/\ nTxn = 1

14 states generated, 14 distinct states found, 12 states left on queue.
The depth of the complete state graph search is 2.
Finished in 00s at (2026-09-07 10:51:29)

TLC_EXIT_12
