{"run_id": "S3-C", "cfg": "ParallelChunks_noclausea.cfg", "spec": "ParallelChunks.tla", "command": "java -cp <local-toolchain-path> tlc2.TLC -workers 1 -cleanup -config ParallelChunks_noclausea.cfg ParallelChunks.tla", "cwd": "<verification-scratch>", "workers": "1", "started_utc": "2026-09-07T02:57:47.628248+00:00"}
TLC2 Version 2.19 of 08 August 2024 (rev: 5a47802)
Warning: Please run the Java VM which executes TLC with a throughput optimized garbage collector by passing the "-XX:+UseParallelGC" property.
(Use the -nowarning option to disable this warning.)
Running breadth-first search Model-Checking with fp 124 and seed -5114599109559558277 with 1 worker on 12 cores with 24576MB heap and 64MB offheap memory [pid: 48818] (Mac OS X 26.6.2 aarch64, Homebrew 21.0.12.1 x86_64, MSBDiskFPSet, DiskStateQueue).
Parsing file <verification-scratch>
Parsing file <verification-scratch>
Parsing file <verification-scratch>
Parsing file <verification-scratch>
Parsing file <verification-scratch>
Semantic processing of module Naturals
Semantic processing of module Integers
Semantic processing of module Sequences
Semantic processing of module FiniteSets
Semantic processing of module ParallelChunks
Starting... (2026-09-07 10:57:48)
Computing initial states...
Finished computing initial states: 1 distinct state generated at 2026-09-07 10:57:48.
Error: Invariant FrontierExact is violated.
Error: The behavior up to this point is:
State 1: <Initial predicate>
/\ readDone = <<{}>>
/\ emitted = <<FALSE>>
/\ R = <<<<NULL>>>>
/\ log = <<>>
/\ emission = <<>>
/\ low = <<0>>
/\ nData = 0
/\ sphase = "chunks"
/\ spos = 0
/\ s0 = 0
/\ cphase = <<"idle">>
/\ high = <<0>>

State 2: <Commit line 163, col 3 to line 167, col 33 of module ParallelChunks>
/\ readDone = <<{}>>
/\ emitted = <<FALSE>>
/\ R = <<<<NULL>>>>
/\ log = <<[key |-> 1, img |-> 1]>>
/\ emission = <<>>
/\ low = <<0>>
/\ nData = 1
/\ sphase = "chunks"
/\ spos = 0
/\ s0 = 0
/\ cphase = <<"idle">>
/\ high = <<0>>

State 3: <RecordLow line 172, col 3 to line 178, col 33 of module ParallelChunks>
/\ readDone = <<{}>>
/\ emitted = <<FALSE>>
/\ R = <<<<NULL>>>>
/\ log = <<[key |-> 1, img |-> 1]>>
/\ emission = <<>>
/\ low = <<1>>
/\ nData = 1
/\ sphase = "chunks"
/\ spos = 0
/\ s0 = 0
/\ cphase = <<"select">>
/\ high = <<0>>

State 4: <Commit line 163, col 3 to line 167, col 33 of module ParallelChunks>
/\ readDone = <<{}>>
/\ emitted = <<FALSE>>
/\ R = <<<<NULL>>>>
/\ log = <<[key |-> 1, img |-> 1], [key |-> 1, img |-> NULL]>>
/\ emission = <<>>
/\ low = <<1>>
/\ nData = 2
/\ sphase = "chunks"
/\ spos = 0
/\ s0 = 0
/\ cphase = <<"select">>
/\ high = <<0>>

State 5: <ReadChunkKey line 183, col 3 to line 190, col 33 of module ParallelChunks>
/\ readDone = <<{1}>>
/\ emitted = <<FALSE>>
/\ R = <<<<1>>>>
/\ log = <<[key |-> 1, img |-> 1], [key |-> 1, img |-> NULL]>>
/\ emission = <<>>
/\ low = <<1>>
/\ nData = 2
/\ sphase = "chunks"
/\ spos = 0
/\ s0 = 0
/\ cphase = <<"select">>
/\ high = <<0>>

State 6: <RecordHigh line 195, col 3 to line 200, col 33 of module ParallelChunks>
/\ readDone = <<{1}>>
/\ emitted = <<FALSE>>
/\ R = <<<<1>>>>
/\ log = <<[key |-> 1, img |-> 1], [key |-> 1, img |-> NULL]>>
/\ emission = <<>>
/\ low = <<1>>
/\ nData = 2
/\ sphase = "chunks"
/\ spos = 0
/\ s0 = 0
/\ cphase = <<"done">>
/\ high = <<2>>

State 7: <StartStream line 273, col 3 to line 279, col 27 of module ParallelChunks>
/\ readDone = <<{1}>>
/\ emitted = <<FALSE>>
/\ R = <<<<1>>>>
/\ log = <<[key |-> 1, img |-> 1], [key |-> 1, img |-> NULL]>>
/\ emission = <<>>
/\ low = <<1>>
/\ nData = 2
/\ sphase = "stream"
/\ spos = 0
/\ s0 = 0
/\ cphase = <<"done">>
/\ high = <<2>>

State 8: <StreamStep line 292, col 3 to line 305, col 29 of module ParallelChunks>
/\ readDone = <<{1}>>
/\ emitted = <<FALSE>>
/\ R = <<<<1>>>>
/\ log = <<[key |-> 1, img |-> 1], [key |-> 1, img |-> NULL]>>
/\ emission = <<[key |-> 1, img |-> 1, kind |-> "ev", tag |-> 1]>>
/\ low = <<1>>
/\ nData = 2
/\ sphase = "stream"
/\ spos = 1
/\ s0 = 0
/\ cphase = <<"done">>
/\ high = <<2>>

State 9: <StreamStep line 292, col 3 to line 305, col 29 of module ParallelChunks>
/\ readDone = <<{1}>>
/\ emitted = <<FALSE>>
/\ R = <<<<1>>>>
/\ log = <<[key |-> 1, img |-> 1], [key |-> 1, img |-> NULL]>>
/\ emission = <<[key |-> 1, img |-> 1, kind |-> "ev", tag |-> 1]>>
/\ low = <<1>>
/\ nData = 2
/\ sphase = "stream"
/\ spos = 2
/\ s0 = 0
/\ cphase = <<"done">>
/\ high = <<2>>

State 10: <CloseUnit line 250, col 3 to line 260, col 27 of module ParallelChunks>
/\ readDone = <<{1}>>
/\ emitted = <<TRUE>>
/\ R = <<<<1>>>>
/\ log = <<[key |-> 1, img |-> 1], [key |-> 1, img |-> NULL]>>
/\ emission = <<[key |-> 1, img |-> 1, kind |-> "ev", tag |-> 1]>>
/\ low = <<1>>
/\ nData = 2
/\ sphase = "stream"
/\ spos = 2
/\ s0 = 0
/\ cphase = <<"done">>
/\ high = <<2>>

1074 states generated, 768 distinct states found, 128 states left on queue.
The depth of the complete state graph search is 10.
The average outdegree of the complete state graph is 1 (minimum is 0, the maximum 5 and the 95th percentile is 3).
Finished in 00s at (2026-09-07 10:57:48)

TLC_EXIT_12
