{"run_id": "S4-A", "cfg": "DumpSplice.cfg", "spec": "DumpSplice.tla", "command": "java -cp <local-toolchain-path> tlc2.TLC -workers auto -cleanup -config DumpSplice.cfg DumpSplice.tla", "cwd": "<verification-scratch>", "workers": "auto", "started_utc": "2026-09-07T02:57:51.188123+00:00"}
TLC2 Version 2.19 of 08 August 2024 (rev: 5a47802)
Warning: Please run the Java VM which executes TLC with a throughput optimized garbage collector by passing the "-XX:+UseParallelGC" property.
(Use the -nowarning option to disable this warning.)
Running breadth-first search Model-Checking with fp 73 and seed -7264502631817197296 with 12 workers on 12 cores with 24576MB heap and 64MB offheap memory [pid: 48887] (Mac OS X 26.6.2 aarch64, Homebrew 21.0.12.1 x86_64, MSBDiskFPSet, DiskStateQueue).
Parsing file <verification-scratch>
Parsing file <verification-scratch>
Parsing file <verification-scratch>
Parsing file <verification-scratch>
Parsing file <verification-scratch>
Semantic processing of module Naturals
Semantic processing of module Integers
Semantic processing of module Sequences
Semantic processing of module FiniteSets
Semantic processing of module DumpSplice
Starting... (2026-09-07 10:57:51)
Computing initial states...
Finished computing initial states: 1 distinct state generated at 2026-09-07 10:57:51.
Model checking completed. No error has been found.
  Estimates of the probability that TLC did not check all reachable states
  because two distinct states had the same fingerprint:
  calculated (optimistic):  val = 5.7E-13
7143 states generated, 5049 distinct states found, 0 states left on queue.
The depth of the complete state graph search is 9.
The average outdegree of the complete state graph is 1 (minimum is 0, the maximum 7 and the 95th percentile is 6).
Finished in 00s at (2026-09-07 10:57:52)

TLC_EXIT_0
