{"run_id": "S4-C", "cfg": "DumpSplice_wrongpoint.cfg", "spec": "DumpSplice.tla", "command": "java -cp <local-toolchain-path> tlc2.TLC -workers 1 -cleanup -config DumpSplice_wrongpoint.cfg DumpSplice.tla", "cwd": "<verification-scratch>", "workers": "1", "started_utc": "2026-09-07T02:57:54.186825+00:00"}
TLC2 Version 2.19 of 08 August 2024 (rev: 5a47802)
Warning: Please run the Java VM which executes TLC with a throughput optimized garbage collector by passing the "-XX:+UseParallelGC" property.
(Use the -nowarning option to disable this warning.)
Running breadth-first search Model-Checking with fp 85 and seed 1331290277186173797 with 1 worker on 12 cores with 24576MB heap and 64MB offheap memory [pid: 48939] (Mac OS X 26.6.2 aarch64, Homebrew 21.0.12.1 x86_64, MSBDiskFPSet, DiskStateQueue).
Parsing file <verification-scratch>
Parsing file <verification-scratch>
Parsing file <verification-scratch>
Parsing file <verification-scratch>
Parsing file <verification-scratch>
Semantic processing of module Naturals
Semantic processing of module Integers
Semantic processing of module Sequences
Semantic processing of module FiniteSets
Semantic processing of module DumpSplice
Starting... (2026-09-07 10:57:54)
Computing initial states...
Finished computing initial states: 1 distinct state generated at 2026-09-07 10:57:54.
Error: Invariant FrontierExact is violated.
Error: The behavior up to this point is:
State 1: <Initial predicate>
/\ dtaken = FALSE
/\ blo = 0
/\ nData = 0
/\ R = <<NULL, NULL>>
/\ emission = <<>>
/\ bhi = 0
/\ dpos = 0
/\ closed = FALSE
/\ cpos = 0
/\ log = <<>>

State 2: <Commit line 129, col 3 to line 132, col 68 of module DumpSplice>
/\ dtaken = FALSE
/\ blo = 0
/\ nData = 1
/\ R = <<NULL, NULL>>
/\ emission = <<>>
/\ bhi = 0
/\ dpos = 0
/\ closed = FALSE
/\ cpos = 0
/\ log = <<[key |-> 1, img |-> 1]>>

State 3: <TakeDump line 148, col 3 to line 162, col 53 of module DumpSplice>
/\ dtaken = TRUE
/\ blo = 2
/\ nData = 1
/\ R = <<1, NULL>>
/\ emission = <<>>
/\ bhi = 2
/\ dpos = 1
/\ closed = FALSE
/\ cpos = 0
/\ log = <<[key |-> 1, img |-> 1]>>

State 4: <Commit line 129, col 3 to line 132, col 68 of module DumpSplice>
/\ dtaken = TRUE
/\ blo = 2
/\ nData = 2
/\ R = <<1, NULL>>
/\ emission = <<>>
/\ bhi = 2
/\ dpos = 1
/\ closed = FALSE
/\ cpos = 0
/\ log = <<[key |-> 1, img |-> 1], [key |-> 1, img |-> NULL]>>

State 5: <Consume line 189, col 3 to line 198, col 56 of module DumpSplice>
/\ dtaken = TRUE
/\ blo = 2
/\ nData = 2
/\ R = <<1, NULL>>
/\ emission = <<[key |-> 1, img |-> 1]>>
/\ bhi = 2
/\ dpos = 1
/\ closed = FALSE
/\ cpos = 1
/\ log = <<[key |-> 1, img |-> 1], [key |-> 1, img |-> NULL]>>

State 6: <Consume line 189, col 3 to line 198, col 56 of module DumpSplice>
/\ dtaken = TRUE
/\ blo = 2
/\ nData = 2
/\ R = <<1, NULL>>
/\ emission = <<[key |-> 1, img |-> 1], [key |-> 1, img |-> NULL]>>
/\ bhi = 2
/\ dpos = 1
/\ closed = FALSE
/\ cpos = 2
/\ log = <<[key |-> 1, img |-> 1], [key |-> 1, img |-> NULL]>>

State 7: <CloseAtEnd line 201, col 3 to line 207, col 62 of module DumpSplice>
/\ dtaken = TRUE
/\ blo = 2
/\ nData = 2
/\ R = <<1, NULL>>
/\ emission = <<[key |-> 1, img |-> 1], [key |-> 1, img |-> NULL], [key |-> 1, img |-> 1]>>
/\ bhi = 2
/\ dpos = 1
/\ closed = TRUE
/\ cpos = 2
/\ log = <<[key |-> 1, img |-> 1], [key |-> 1, img |-> NULL]>>

940 states generated, 796 distinct states found, 197 states left on queue.
The depth of the complete state graph search is 7.
The average outdegree of the complete state graph is 1 (minimum is 0, the maximum 8 and the 95th percentile is 7).
Finished in 00s at (2026-09-07 10:57:55)

TLC_EXIT_12
