{"run_id": "S4-D", "cfg": "DumpSplice_degraded_probe.cfg", "spec": "DumpSplice.tla", "command": "java -cp <local-toolchain-path> tlc2.TLC -workers 1 -cleanup -config DumpSplice_degraded_probe.cfg DumpSplice.tla", "cwd": "<verification-scratch>", "workers": "1", "started_utc": "2026-09-07T02:57:55.495640+00:00"}
TLC2 Version 2.19 of 08 August 2024 (rev: 5a47802)
Warning: Please run the Java VM which executes TLC with a throughput optimized garbage collector by passing the "-XX:+UseParallelGC" property.
(Use the -nowarning option to disable this warning.)
Running breadth-first search Model-Checking with fp 108 and seed 4657930147086763672 with 1 worker on 12 cores with 24576MB heap and 64MB offheap memory [pid: 48966] (Mac OS X 26.6.2 aarch64, Homebrew 21.0.12.1 x86_64, MSBDiskFPSet, DiskStateQueue).
Parsing file <verification-scratch>
Parsing file <verification-scratch>
Parsing file <verification-scratch>
Parsing file <verification-scratch>
Parsing file <verification-scratch>
Semantic processing of module Naturals
Semantic processing of module Integers
Semantic processing of module Sequences
Semantic processing of module FiniteSets
Semantic processing of module DumpSplice
Starting... (2026-09-07 10:57:56)
Computing initial states...
Finished computing initial states: 1 distinct state generated at 2026-09-07 10:57:56.
Error: Invariant WidenedTrajectory is violated.
Error: The behavior up to this point is:
State 1: <Initial predicate>
/\ dtaken = FALSE
/\ blo = 0
/\ nData = 0
/\ R = <<NULL, NULL>>
/\ emission = <<>>
/\ bhi = 0
/\ dpos = 0
/\ closed = FALSE
/\ cpos = 0
/\ log = <<>>

State 2: <Commit line 129, col 3 to line 132, col 68 of module DumpSplice>
/\ dtaken = FALSE
/\ blo = 0
/\ nData = 1
/\ R = <<NULL, NULL>>
/\ emission = <<>>
/\ bhi = 0
/\ dpos = 0
/\ closed = FALSE
/\ cpos = 0
/\ log = <<[key |-> 1, img |-> 1]>>

State 3: <TakeDump line 148, col 3 to line 162, col 53 of module DumpSplice>
/\ dtaken = TRUE
/\ blo = 0
/\ nData = 1
/\ R = <<1, NULL>>
/\ emission = <<>>
/\ bhi = 1
/\ dpos = 1
/\ closed = FALSE
/\ cpos = 0
/\ log = <<[key |-> 1, img |-> 1]>>

34 states generated, 34 distinct states found, 29 states left on queue.
The depth of the complete state graph search is 3.
The average outdegree of the complete state graph is 8 (minimum is 7, the maximum 9 and the 95th percentile is 9).
Finished in 00s at (2026-09-07 10:57:56)

TLC_EXIT_12
